Microsoft Windows [Version 10.0.18363.1198]
(c) 2019 Microsoft Corporation. All rights reserved.

C:\WINDOWS\system32>E:

E:\>cd xampp

E:\xampp>cd mysql

E:\xampp\mysql>cd bin

E:\xampp\mysql\bin>mysql -u root -p -h localhost
Enter password:
ERROR 2002 (HY000): Can't connect to MySQL server on 'localhost' (10061)

E:\xampp\mysql\bin>mysql -u rot -p -h localhost
Enter password:
ERROR 1045 (28000): Access denied for user 'rot'@'localhost' (using password: NO)

E:\xampp\mysql\bin>mysql -u root -p -h localhost
Enter password:
Welcome to the MariaDB monitor.  Commands end with ; or \g.
Your MariaDB connection id is 27
Server version: 10.4.14-MariaDB mariadb.org binary distribution

Copyright (c) 2000, 2018, Oracle, MariaDB Corporation Ab and others.

Type 'help;' or '\h' for help. Type '\c' to clear the current input statement.

MariaDB [(none)]> create database Schemma;
Query OK, 1 row affected (0.002 sec)

MariaDB [(none)]> use Schemma;
Database changed
MariaDB [Schemma]> create table users(
    -> userid int auto increment
    -> create table users(;
ERROR 1064 (42000): You have an error in your SQL syntax; check the manual that corresponds to your MariaDB server version for the right syntax to use near 'auto increment
create table users(' at line 2
MariaDB [Schemma]> create table users(
    -> userid int auto_increment primary key not null,
    -> created_on timestamp,
    -> username varchar(255) not null unique,
    -> email varchar(255),
    -> password varchar(255) not null,
    -> user_type varchar(255));
Query OK, 0 rows affected (0.542 sec)

MariaDB [Schemma]> desc users;
+------------+--------------+------+-----+---------------------+-------------------------------+
| Field      | Type         | Null | Key | Default             | Extra                         |
+------------+--------------+------+-----+---------------------+-------------------------------+
| userid     | int(11)      | NO   | PRI | NULL                | auto_increment                |
| created_on | timestamp    | NO   |     | current_timestamp() | on update current_timestamp() |
| username   | varchar(255) | NO   | UNI | NULL                |                               |
| email      | varchar(255) | YES  |     | NULL                |                               |
| password   | varchar(255) | NO   |     | NULL                |                               |
| user_type  | varchar(255) | YES  |     | NULL                |                               |
+------------+--------------+------+-----+---------------------+-------------------------------+
6 rows in set (0.234 sec)

MariaDB [Schemma]> create table categories(
    -> category_id int auto_increment primary key not null,
    -> category varchar(255) not null unique,
    -> order_column int);
Query OK, 0 rows affected (0.299 sec)

MariaDB [Schemma]> desc categories;
+--------------+--------------+------+-----+---------+----------------+
| Field        | Type         | Null | Key | Default | Extra          |
+--------------+--------------+------+-----+---------+----------------+
| category_id  | int(11)      | NO   | PRI | NULL    | auto_increment |
| category     | varchar(255) | NO   | UNI | NULL    |                |
| order_column | int(11)      | YES  |     | NULL    |                |
+--------------+--------------+------+-----+---------+----------------+
3 rows in set (0.106 sec)

MariaDB [Schemma]> create table products(
    -> productid int auto_increment primary key,
    -> name varchar(255),description varchar(255),
    -> image blob,
    -> price int,
    -> category_id int not null,
    -> foreign key (category_id) references categories(category_id),
    -> featured bit not null);
Query OK, 0 rows affected (0.329 sec)

MariaDB [Schemma]> desc products;
+-------------+--------------+------+-----+---------+----------------+
| Field       | Type         | Null | Key | Default | Extra          |
+-------------+--------------+------+-----+---------+----------------+
| productid   | int(11)      | NO   | PRI | NULL    | auto_increment |
| name        | varchar(255) | YES  |     | NULL    |                |
| description | varchar(255) | YES  |     | NULL    |                |
| image       | blob         | YES  |     | NULL    |                |
| price       | int(11)      | YES  |     | NULL    |                |
| category_id | int(11)      | NO   | MUL | NULL    |                |
| featured    | bit(1)       | NO   |     | NULL    |                |
+-------------+--------------+------+-----+---------+----------------+
7 rows in set (0.156 sec)

MariaDB [Schemma]> create table promotions(
    -> id int auto_increment primary key,
    -> name varchar(255)not null,
    -> description varchar(255) not null,
    -> start_date date not null,
    -> end_date date not null,
    -> created_on timestamp,
    -> saleprice int,
    -> discount_amount int,
    -> zipcode varchar(255),
    -> promotion_type varchar(64));
Query OK, 0 rows affected (0.286 sec)

MariaDB [Schemma]> desc promotions;
+-----------------+--------------+------+-----+---------------------+-------------------------------+
| Field           | Type         | Null | Key | Default             | Extra                         |
+-----------------+--------------+------+-----+---------------------+-------------------------------+
| id              | int(11)      | NO   | PRI | NULL                | auto_increment                |
| name            | varchar(255) | NO   |     | NULL                |                               |
| description     | varchar(255) | NO   |     | NULL                |                               |
| start_date      | date         | NO   |     | NULL                |                               |
| end_date        | date         | NO   |     | NULL                |                               |
| created_on      | timestamp    | NO   |     | current_timestamp() | on update current_timestamp() |
| saleprice       | int(11)      | YES  |     | NULL                |                               |
| discount_amount | int(11)      | YES  |     | NULL                |                               |
| zipcode         | varchar(255) | YES  |     | NULL                |                               |
| promotion_type  | varchar(64)  | YES  |     | NULL                |                               |
+-----------------+--------------+------+-----+---------------------+-------------------------------+
10 rows in set (0.105 sec)

MariaDB [Schemma]> create table carts(
    -> cart_id int auto_increment primary key,
    -> status varchar(255)not null,
    -> created_on timestamp,
    -> user_id int not null,
    -> foreign key (user_id) references users(userid),
    -> zip_code varchar(255) not null);
Query OK, 0 rows affected (0.509 sec)

MariaDB [Schemma]> desc carts;
+------------+--------------+------+-----+---------------------+-------------------------------+
| Field      | Type         | Null | Key | Default             | Extra                         |
+------------+--------------+------+-----+---------------------+-------------------------------+
| cart_id    | int(11)      | NO   | PRI | NULL                | auto_increment                |
| status     | varchar(255) | NO   |     | NULL                |                               |
| created_on | timestamp    | NO   |     | current_timestamp() | on update current_timestamp() |
| user_id    | int(11)      | NO   | MUL | NULL                |                               |
| zip_code   | varchar(255) | NO   |     | NULL                |                               |
+------------+--------------+------+-----+---------------------+-------------------------------+
5 rows in set (0.082 sec)

MariaDB [Schemma]> create table cartproducts(
    -> cartproducts_id int auto_increment primary key not null,
    -> cart_id int not null,
    -> foreign key (cart_id) references carts(cart_id),
    -> productid int not null,
    -> foreign key (productid) references products(productid),
    -> quantity int);
Query OK, 0 rows affected (0.348 sec)

MariaDB [Schemma]> desc cartproducts;
+-----------------+---------+------+-----+---------+----------------+
| Field           | Type    | Null | Key | Default | Extra          |
+-----------------+---------+------+-----+---------+----------------+
| cartproducts_id | int(11) | NO   | PRI | NULL    | auto_increment |
| cart_id         | int(11) | NO   | MUL | NULL    |                |
| productid       | int(11) | NO   | MUL | NULL    |                |
| quantity        | int(11) | YES  |     | NULL    |                |
+-----------------+---------+------+-----+---------+----------------+
4 rows in set (0.063 sec)

MariaDB [Schemma]> create table cart_promotions(
    -> cart_promotions_id int auto_increment primary key,
    -> promotion_id int not null,
    -> foreign key (promotion_id) references promotions(id),
    -> productid int not null,
    -> foreign key (productid) references products(productid));
Query OK, 0 rows affected (0.508 sec)

MariaDB [Schemma]> desc cart_promotions;
+--------------------+---------+------+-----+---------+----------------+
| Field              | Type    | Null | Key | Default | Extra          |
+--------------------+---------+------+-----+---------+----------------+
| cart_promotions_id | int(11) | NO   | PRI | NULL    | auto_increment |
| promotion_id       | int(11) | NO   | MUL | NULL    |                |
| productid          | int(11) | NO   | MUL | NULL    |                |
+--------------------+---------+------+-----+---------+----------------+
3 rows in set (0.055 sec)

MariaDB [Schemma]>